[www.concentricchicago.com/index.html]
[backblue.gif]
[fade.gif]
[index.html]
[www.concentricchicago.com/favicon.jpg]
[static1.squarespace.com/static/560e9363e4b0631d94aeb402/t/582d46b737c581eb16443f4b/1479362232223/logo-tagline-CCCb469.png]
[static1.squarespace.com/static/sitecss/560e9363e4b0631d94aeb402/70/503ba86de4b04953d0f49846/563a6d5de4b02d05f44c8a1b/1640-05142015/1502674741554/site8696.css]
[use.typekit.net/ik/fWOh_XkckRI7kwvcG_9BdBDx0mdsyaCfZrlMfnLKgLCfeTX2fFHN4UJLFRbh52jhWD9hwe9owDjDZQsKw2jDwAboFeB8jRb3wy70MPG0-cm0dc8cZWJldeBkShN0OWBhjA60SaBujW48Sagyjh90jhNlOeFzdcF8d1sk-AFR-e]
[s3.amazonaws.com/downloads.mailchimp.com/js/signup-forms/popup/embed.js]
[static1.squarespace.com/static/ta/5016d42984ae3ecc9e018d91/1640/scripts/site-bundle.js]
[www.concentricchicago.com/about-concentric-counseling-consulting/index.html]
[www.concentricchicago.com/_/www.youtube.com/embed/GSP5-DY9ww8.88344.delayed]
[www.concentricchicago.com/therapists/index.html]
[www.concentricchicago.com/our-support-staff/index.html]
[www.concentricchicago.com/office/index.html]
[www.concentricchicago.com/contact-us.html]
[www.concentricchicago.com/news-events/index.html]
[www.concentricchicago.com/therapists.html]
[www.concentricchicago.com/individual-therapy/index.html]
[www.concentricchicago.com/office.html]
[www.concentricchicago.com/couples-marriage-counseling/index.html]
[www.concentricchicago.com/child-adolescent-family-therapy/index.html]
[www.concentricchicago.com/news-events.html]
[www.concentricchicago.com/teletherapy-online-counseling/index.html]
[static.squarespace.com/universal/scripts-compressed/common-913ef43fdc0ded8b9553-min.js]
[www.concentricchicago.com/therapeutic-approaches-and-interventions/index.html]
[www.concentricchicago.com/individual-therapy.html]
[www.concentricchicago.com/consulting-supervision-professionals/index.html]
[www.concentricchicago.com/consulting-clients/index.html]
[www.concentricchicago.com/solution-focused-services-parents/index.html]
[www.concentricchicago.com/insurance-rates/index.html]
[www.concentricchicago.com/contact-us/index.html]
[www.concentricchicago.com/blog/index.html]
[www.concentricchicago.com/consulting-professionals/index.html]
[www.concentricchicago.com/consulting-parents.12.delayed]
[www.concentricchicago.com/consulting-new-clients/index.html]
[www.concentricchicago.com/about.13.delayed]
[www.concentricchicago.com/teletherapy-online-counseling.html]
[www.concentricchicago.com/blog/2017/8/11/your-voice-matters-mental-health-and-addiction-honest-discussion-about-why-more-people-dont-seek-out-help.html]
[www.concentricchicago.com/blog/index011f.html]
[www.concentricchicago.com/blog/2017/6/18/is-all-drug-use-created-equal.html]
[www.concentricchicago.com/blog/index90cd.html]
[www.concentricchicago.com/blog/2017/4/20/moms-youre-the-key-to-your-daughters-positive-body-image.html]
[www.concentricchicago.com/blog/index1c4c.html]
[www.concentricchicago.com/blog/2017/3/9/how-to-normalize-your-childs-sexuality-and-gender-identity.html]
[www.concentricchicago.com/blog/indexcc1d.html]
[www.concentricchicago.com/blog/index0dd0.html]
[www.concentricchicago.com/blog/2017/2/9/a-window-into-helping-you-understand-boys-and-emotions.html]
[www.concentricchicago.com/blog/index3435.html]
[www.concentricchicago.com/blog/indexee49.html]
[www.concentricchicago.com/blog/2017/1/15/parenting-advice-in-4-words.html]
[www.concentricchicago.com/blog/index6a43.html]
[www.concentricchicago.com/blog/index298f.html]
[www.concentricchicago.com/blog/index3cde.html]
[www.concentricchicago.com/blog/2016/12/7/how-to-bring-up-an-important-or-sensitive-topic-to-another.html]
[www.concentricchicago.com/blog/index1f4a.html]
[www.concentricchicago.com/blog/index2342.html]
[www.concentricchicago.com/blog/2016/6/5/ask-the-therapist-what-age-do-you-think-its-appropriate-to-talk-about-sex-with-your-children.html]
[www.concentricchicago.com/blog/2016/5/4/ask-the-therapist-my-spouse-wont-talk-to-me-going-through-a-divorce.html]
[www.concentricchicago.com/blog/index186a.html]
[www.concentricchicago.com/blog/indexa9e9.html]
[www.concentricchicago.com/blog/2016/4/6/ask-the-therapist-what-does-adult-adhd-look-like.html]
[www.concentricchicago.com/blog/indexe79a.html]
[www.concentricchicago.com/blog/indexc7a1.html]
[www.concentricchicago.com/blog/indexd066.html]
[www.concentricchicago.com/blog/2016/4/4/ask-the-therapist-how-to-help-a-young-child-with-anxiety-issues.html]
[www.concentricchicago.com/blog/index555c.html]
[www.concentricchicago.com/blog/indexea47.html]
[www.concentricchicago.com/blog/index70d4.html]
[www.concentricchicago.com/blog/2016/3/16/should-i-stay-or-should-i-go-after-the-affair.html]
[www.concentricchicago.com/blog/2016/2/11/honoring-chicagoans-whose-mental-health-may-be-compromised-as-a-result-of-our-city-and-states-finances-and-politics.html]
[www.concentricchicago.com/consulting-professionals.26.delayed]
[www.concentricchicago.com/blog/2016/2/5/johann-tari-ted-talk-everything-you-think-you-know-about-addiction-is-wrong.html]
[www.concentricchicago.com/consulting-new-clients.27.delayed]
[www.concentricchicago.com/index.html]
[www.concentricchicago.com/blog/2016/1/15/using-your-voice.html]
[static.squarespace.com/universal/images-v6/big-gear.png]
[static.squarespace.com/universal/images-v6/big-gear-dark.png]
[www.concentricchicago.com/insurance-rates.html]
[static.squarespace.com/universal/images-v6/damask/error-dark.png]
[static.squarespace.com/universal/images-v6/damask/error-dark@2x.png]
[static.squarespace.com/universal/images-v6/damask/play-button.png]
[www.concentricchicago.com/privacy-policy.html]
[static.squarespace.com/universal/images-v6/damask/play-button@2x.png]
[static1.squarespace.com/static/sitecss/560e9363e4b0631d94aeb402/70/503ba86de4b04953d0f49846/563a6d5de4b02d05f44c8a1b/1640-05142015/1502674741554/gallery-play-big.css]
[static1.squarespace.com/static/sitecss/560e9363e4b0631d94aeb402/70/503ba86de4b04953d0f49846/563a6d5de4b02d05f44c8a1b/1640-05142015/1502674741554/gallery-play-big@2x.css]
[static.squarespace.com/universal/images-v6/damask/edit-aviary-light.png]
[static.squarespace.com/universal/images-v6/damask/edit-aviary-light@2x.png]
[static.squarespace.com/universal/images-v6/damask/edit-info-light.png]
[static.squarespace.com/universal/images-v6/damask/edit-info-light@2x.png]
[static.squarespace.com/universal/images-v6/damask/trash-9-light.png]
[static.squarespace.com/universal/images-v6/damask/trash-9-light@2x.png]
[static.squarespace.com/universal/images-v6/damask/trash-9-red.png]
[static.squarespace.com/universal/images-v6/damask/trash-9-red@2x.png]
[static.squarespace.com/universal/images-v6/damask/getty-16-light.png]
[static.squarespace.com/universal/images-v6/damask/getty-32-light.png]
[static.squarespace.com/universal/images-v6/damask/shopping-cart-16-light.png]
[static.squarespace.com/universal/images-v6/damask/shopping-cart-32-light.png]
[static1.squarespace.com/universal/images-v6/icons/block-indicator-dark.png]
[static1.squarespace.com/universal/images-v6/icons/block-indicator-dark@2x.png]
[static.squarespace.com/universal/images-v6/damask/image-inside-64-dark.png]
[static.squarespace.com/universal/images-v6/damask/image-inside-128-dark.png]
[static.squarespace.com/universal/images-v6/standard/icon_close_7_light.png]
[static.squarespace.com/universal/images-v6/icons/icon-settings-16-light.png]
[static1.squarespace.com/static/ta/5016d42984ae3ecc9e018d91/1638/assets/groovepaper.png]
[static1.squarespace.com/static/ta/5016d42984ae3ecc9e018d91/1638/assets/extra_clean_paper.png]
[static1.squarespace.com/static/sitecss/560e9363e4b0631d94aeb402/70/503ba86de4b04953d0f49846/563a6d5de4b02d05f44c8a1b/1640-05142015/1502674741554/site8696.css]
[www.concentricchicago.com/about-concentric-counseling-consulting/_/www.youtube.com/embed/GSP5-DY9ww8.468344.delayed]
[static1.squarespace.com/static/560e9363e4b0631d94aeb402/t/568ef206a976afa5f13bf817/1475032246262/NBCC_MastHead.png]
[static1.squarespace.com/static/560e9363e4b0631d94aeb402/t/56c48c8b01dbae7b426d1cff/1475032252148/ILCounselingAssociation.jpg]
[www.concentricchicago.com/about-concentric-counseling-consulting/index.html]
[static1.squarespace.com/static/560e9363e4b0631d94aeb402/t/581753dae58c627afcf8aa19/1502674738886/Headshot_Rectangle+(1).jpg]
[www.concentricchicago.com/couples-marital-therapy/index.html]
[www.concentricchicago.com/child-family-therapy/index.html]
[www.concentricchicago.com/consulting-parents/index.html]
[www.concentricchicago.com/therapists/index.html]
[www.concentricchicago.com/our-support-staff/index.html]
[www.concentricchicago.com/office/index.html]
[static1.squarespace.com/static/560e9363e4b0631d94aeb402/t/5645f893e4b0f4bd255e180c/1447426195280/infertility+flyer.jpg]
[static1.squarespace.com/static/560e9363e4b0631d94aeb402/t/5999d11cebbd1ad8edfe9f18/1503252906395/On+The+Table+Bean.jpg]
[static1.squarespace.com/static/560e9363e4b0631d94aeb402/t/5999d2d8bebafb029c819563/1503253397620/On+The+Table+Candid.jpg]
[www.concentricchicago.com/news-events/index.html]
[www.concentricchicago.com/individual-therapy/index.html]
[www.concentricchicago.com/couples-marriage-counseling/index.html]
[www.concentricchicago.com/child-adolescent-family-therapy/index.html]
[www.concentricchicago.com/teletherapy-online-counseling/index.html]
[www.concentricchicago.com/therapeutic-approaches-and-interventions/index.html]
[www.concentricchicago.com/consulting-supervision-professionals/index.html]
[www.concentricchicago.com/consulting-clients/index.html]
[www.concentricchicago.com/solution-focused-services-parents/index.html]
[www.concentricchicago.com/insurance-rates/index.html]
[static1.squarespace.com/static/560e9363e4b0631d94aeb402/567777be25981d39eab103e0/567777daa12f4431fe736ffc/1451230357491/office-web.jpg]
[static1.squarespace.com/static/560e9363e4b0631d94aeb402/567777be25981d39eab103e0/567777da7086d7c6a3db0175/1451230302069/office-web2.jpg]
[static1.squarespace.com/static/560e9363e4b0631d94aeb402/567777be25981d39eab103e0/567777dea12f4431fe737003/1451230314584/office-web3.jpg]
[static.squarespace.com/universal/scripts-compressed/common-6551b3190ce56a1521b5-min.js]
[static1.squarespace.com/static/560e9363e4b0631d94aeb402/567777be25981d39eab103e0/567777de7086d7c6a3db0190/1451230321033/office-web4.jpg]
[static1.squarespace.com/static/560e9363e4b0631d94aeb402/567777be25981d39eab103e0/567777e0a12f4431fe737021/1450840794325/office-web5.jpg]
[static1.squarespace.com/static/560e9363e4b0631d94aeb402/567777be25981d39eab103e0/567777e17086d7c6a3db0195/1450840811518/office-web6.jpg]
[www.concentricchicago.com/contact-us/index.html]
[www.concentricchicago.com/blogcecb]
[www.concentricchicago.com/blog/index.html]
[www.concentricchicago.com/_/www.youtube.com/embed/GSP5-DY9ww89ae1.html]
[www.concentricchicago.com/_/www.youtube.com/embed/GSP5-DY9ww88344.html]
[www.concentricchicago.com/contact-us.html]
[www.concentricchicago.com/therapists.html]
[www.concentricchicago.com/office.html]
[www.concentricchicago.com/news-events.html]
[www.concentricchicago.com/individual-therapy.html]
[www.concentricchicago.com/teletherapy-online-counseling.html]
[www.concentricchicago.com/consulting-professionals/index.html]
[www.concentricchicago.com/consulting-new-clients/index.html]
[www.concentricchicago.com/consulting-parents.html]
[www.concentricchicago.com/about.html]
[www.concentricchicago.com/blog/2017/8/11/your-voice-matters-mental-health-and-addiction-honest-discussion-about-why-more-people-dont-seek-out-help.html]
[www.concentricchicago.com/blog/index011f.html]
[barefootsocialwork.weebly.com/uploads/3/9/7/4/39743910/688277_orig.jpg]
[www.concentricchicago.com/blog/indexfa20.html]
[www.concentricchicago.com/blog/index90cd.html]
[www.concentricchicago.com/blog/index1c4c.html]
[www.concentricchicago.com/blog/index6f07.html]
[www.concentricchicago.com/blog/indexcc1d.html]
[www.concentricchicago.com/blog/indexd6ac.html]
[www.concentricchicago.com/blog/index0dd0.html]
[www.concentricchicago.com/blog/indexee49.html]
[www.concentricchicago.com/blog/index3435.html]
[www.concentricchicago.com/blog/index6a43.html]
[www.concentricchicago.com/blog/index298f.html]
[www.concentricchicago.com/blog/index3cde.html]
[www.concentricchicago.com/blog/index1f4a.html]
[www.concentricchicago.com/blog/index2342.html]
[www.concentricchicago.com/blog/index186a.html]
[www.concentricchicago.com/blog/indexa9e9.html]
[www.concentricchicago.com/blog/2017/6/18/is-all-drug-use-created-equal.html]
[www.concentricchicago.com/blog/indexe79a.html]
[www.concentricchicago.com/blog/indexc7a1.html]
[www.concentricchicago.com/blog/2017/4/20/moms-youre-the-key-to-your-daughters-positive-body-image.html]
[www.concentricchicago.com/blog/indexd066.html]
[www.concentricchicago.com/blog/2017/3/9/how-to-normalize-your-childs-sexuality-and-gender-identity.html]
[www.concentricchicago.com/blog/2017/2/9/a-window-into-helping-you-understand-boys-and-emotions.html]
[www.concentricchicago.com/blog/2017/1/15/parenting-advice-in-4-words.html]
[www.concentricchicago.com/blog/2016/12/7/how-to-bring-up-an-important-or-sensitive-topic-to-another.html]
[www.concentricchicago.com/blog/indexf9c3.html]
[www.concentricchicago.com/blog/index555c.html]
[www.concentricchicago.com/blog/indexea47.html]
[www.concentricchicago.com/blog/indexfd6d.html]
[www.concentricchicago.com/blog/index4dd7.html]
[www.concentricchicago.com/blog/index70d4.html]
[static1.squarespace.com/static/560e9363e4b0631d94aeb402/563e1c3de4b055bc3c43d875/5754b3ce45bf21e8496dc5a0/1491363570740/ParentsChildrenTalkSexb469.jpg]
[www.concentricchicago.com/blog/2015/11/12/can-connecting-with-others-through-social-media-really-work.html]
[www.concentricchicago.com/blog/2016/6/5/ask-the-therapist-what-age-do-you-think-its-appropriate-to-talk-about-sex-with-your-children.html]
[www.concentricchicago.com/blog/2016/5/4/ask-the-therapist-my-spouse-wont-talk-to-me-going-through-a-divorce.html]
[static1.squarespace.com/static/560e9363e4b0631d94aeb402/t/5754cdbcb6aa6012c792ea63/1465176489598/ParentsChildrenTalkSex.jpg]
[www.concentricchicago.com/blog/indexd6f4.html]
[static1.squarespace.com/static/560e9363e4b0631d94aeb402/563e1c3de4b055bc3c43d875/5705b62b8a65e2f1970b29ed/1464643130350/askthetherapistb469.png]
[www.concentricchicago.com/blog/2016/4/6/ask-the-therapist-what-does-adult-adhd-look-like.html]
[static1.squarespace.com/static/560e9363e4b0631d94aeb402/563e1c3de4b055bc3c43d875/5702eeaa04426228e6ce4934/1464643789015/askthetherapistb469.jpg]
[www.concentricchicago.com/blog/index08ff.html]
[www.concentricchicago.com/blog/2016/4/4/ask-the-therapist-how-to-help-a-young-child-with-anxiety-issues.html]
[static1.squarespace.com/static/560e9363e4b0631d94aeb402/563e1c3de4b055bc3c43d875/56e96eb5f850829a3e2c3f87/1464644020106/Infidelity+(1)b469.jpg]
[www.concentricchicago.com/blog/2016/3/16/should-i-stay-or-should-i-go-after-the-affair.html]
[www.concentricchicago.com/blog/2016/2/11/honoring-chicagoans-whose-mental-health-may-be-compromised-as-a-result-of-our-city-and-states-finances-and-politics.html]
[www.concentricchicago.com/blog/2016/2/5/johann-tari-ted-talk-everything-you-think-you-know-about-addiction-is-wrong.html]
[www.concentricchicago.com/blog/2016/1/15/using-your-voice.html]
[www.concentricchicago.com/insurance-rates.html]
[www.concentricchicago.com/consulting-professionals.html]
[www.concentricchicago.com/consulting-new-clients.html]
[www.concentricchicago.com/privacy-policy.html]
[static1.squarespace.com/static/sitecss/560e9363e4b0631d94aeb402/70/503ba86de4b04953d0f49846/563a6d5de4b02d05f44c8a1b/1640-05142015/1502674741554/gallery-play-big.css]
[static1.squarespace.com/static/sitecss/560e9363e4b0631d94aeb402/70/503ba86de4b04953d0f49846/563a6d5de4b02d05f44c8a1b/1640-05142015/1502674741554/gallery-play-big@2x.css]
[www.concentricchicago.com/about-concentric-counseling-consulting/_/www.youtube.com/embed/GSP5-DY9ww88344.html]
[static.squarespace.com/universal/styles-compressed/common-f631f0789d1866c649996b5cfedf6616-min.css]
[www.concentricchicago.com/blog/2015/11/29/post-thanksgiving-keep-the-gratitudes-coming.html]
[www.concentricchicago.com/privacy-policy/index.html]
[static.squarespace.com/universal/styles-compressed/dialog-aba41cb3c0853ecd2e2fb2303806d950-min.css]
[static.squarespace.com/universal/styles-compressed/system-page-ab4ea5e9c25fe5e86ccfae3f9e245b62-min.css]
[www.concentricchicago.com/therapists/_/contact-us___strong_CONTACT.html]
[www.concentricchicago.com/couples-marital-therapy/index.html]
[www.concentricchicago.com/child-family-therapy/index.html]
[www.concentricchicago.com/consulting-parents/index.html]
[www.concentricchicago.com/counseling-parents/index.html]
[www.concentricchicago.com/about-concentric-counseling/index.html]
[www.concentricchicago.com/blog/indexc791.html]
[www.concentricchicago.com/blog/indexfa20.html]
[www.concentricchicago.com/blog/indexcbb6.html]
[www.concentricchicago.com/_/contact-us___strong_CONTACT.html]
[static.squarespace.com/universal/scripts-compressed/dialog-a3bc213ecbef4ae716d0-min.js]
[www.concentricchicago.com/blog/index8e50.html]
[www.concentricchicago.com/blog/index4a64.html]
[www.concentricchicago.com/blog/index6f07.html]
[static.squarespace.com/universal/scripts-compressed/dialog-9e6577ff8c6caa7d3e95-min.js]
[www.concentricchicago.com/blog/2015/11/9/3-tips-to-transform-your-self-care-regimen.html]
[www.concentricchicago.com/blog/index6058.html]
[www.concentricchicago.com/blog/indexd6ac.html]
[www.concentricchicago.com/blog/index60bb.html]
[www.concentricchicago.com/blog/indexf2c1.html]
[static.squarespace.com/universal/scripts-compressed/system-page-54758a67d4669ba75f76-min.js]
[www.concentricchicago.com/blog/2015/11/9/connections-can-be-made.html]
[www.concentricchicago.com/blog70d4.html]
[www.concentricchicago.com/blog/2015/11/12/free-lets-talk-series-via-facebook.html]
[www.concentricchicago.com/blog/index030e.html]
[static.squarespace.com/universal/scripts-compressed/system-page-bb554df188262bd8ec6c-min.js]
[www.concentricchicago.com/blog/indexc5ec.html]
[www.concentricchicago.com/blog/indexf9c3.html]
[www.concentricchicago.com/blog/index993e.html]
[www.concentricchicago.com/blog/index08ff.html]
[www.concentricchicago.com/blog/index64ae.html]
[www.concentricchicago.com/blog/index9285.html]
[www.concentricchicago.com/blog/indexfd6d.html]
[www.concentricchicago.com/blog/index3480.html]
[www.concentricchicago.com/blog/indexf7bb.html]
[www.concentricchicago.com/blog/index03fa.html]
[www.concentricchicago.com/blog/index4dd7.html]
[www.concentricchicago.com/blog/2015/11/12/struggling-with-infertility.html]
[www.concentricchicago.com/blog/index9f2f.html]
[www.concentricchicago.com/blog/2015/11/12/can-connecting-with-others-through-social-media-really-work.html]
[www.concentricchicago.com/blog/indexd6f4.html]
[www.concentricchicago.com/blog/2015/11/29/post-thanksgiving-keep-the-gratitudes-coming.html]
[www.concentricchicago.com/privacy-policy/index.html]
[www.concentricchicago.com/blog/indexecd7.html]
[static.squarespace.com/universal/styles-compressed/gallery-play-big.100.delayed]
[static.squarespace.com/universal/styles-compressed/gallery-play-big@2x.png]
[static.squarespace.com/universal/styles-compressed/common-f631f0789d1866c649996b5cfedf6616-min.css]
[static.squarespace.com/universal/images-v6/dialog/image-field-iconc81e.png]
[static.squarespace.com/universal/styles-compressed/dialog-aba41cb3c0853ecd2e2fb2303806d950-min.css]
[static.squarespace.com/universal/images-v6/icons/icon-facebook-16-light.png]
[www.concentricchicago.com/blog/index1516.html]
[www.concentricchicago.com/blog/indexe7af.html]
[static.squarespace.com/universal/images-v6/squarespace-small-darkdf44.png]
[static.squarespace.com/universal/images-v6/damask/logomark-darkdf44.png]
[static.squarespace.com/universal/images-v6/damask/logomark-dark@2xdf44.png]
[static.squarespace.com/universal/images-v6/damask/clear-dark.png]
[static.squarespace.com/universal/images-v6/damask/clear-dark@2x.png]
[static.squarespace.com/universal/images-v6/dialog/login-external-facebook.png]
[static.squarespace.com/universal/images-v6/dialog/login-external-twitter.png]
[static.squarespace.com/universal/images-v6/dialog/login-external-google.png]
[static.squarespace.com/universal/images-v6/configuration/manager-ssdf44.png]
[static.squarespace.com/universal/images-v6/logo/loading-logo-lightdf44.png]
[static.squarespace.com/universal/images-v6/logo/loading-logo-light@2xdf44.png]
[static.squarespace.com/universal/images-v6/damask/checkmark-light.png]
[static.squarespace.com/universal/images-v6/damask/checkmark-light@2x.png]
[static.squarespace.com/universal/images-v6/damask/page-32-dark.png]
[static.squarespace.com/universal/images-v6/damask/page-64-dark.png]
[static.squarespace.com/universal/images-v6/damask/dollars-32-dark.png]
[static.squarespace.com/universal/images-v6/damask/dollars-64-dark.png]
[static.squarespace.com/universal/images-v6/damask/splash-page-32-dark.png]
[static.squarespace.com/universal/images-v6/damask/splash-page-64-dark.png]
[static.squarespace.com/universal/images-v6/damask/folder-32-dark.png]
[static.squarespace.com/universal/images-v6/damask/folder-64-dark.png]
[static.squarespace.com/universal/images-v6/damask/index-32-dark.png]
[static.squarespace.com/universal/images-v6/damask/index-64-dark.png]
[static.squarespace.com/universal/images-v6/damask/index-stack-32-dark.png]
[static.squarespace.com/universal/images-v6/damask/index-stack-64-dark.png]
[static.squarespace.com/universal/images-v6/damask/project-32-dark3860.png]
[static.squarespace.com/universal/images-v6/damask/project-64-dark3860.png]
[static.squarespace.com/universal/images-v6/damask/gallery-32-dark.png]
[static.squarespace.com/universal/images-v6/damask/gallery-64-dark.png]
[static.squarespace.com/universal/images-v6/damask/calendar-32-dark.png]
[static.squarespace.com/universal/images-v6/damask/calendar-64-dark.png]
[static.squarespace.com/universal/images-v6/damask/album-32-dark.png]
[static.squarespace.com/universal/images-v6/damask/album-64-dark.png]
[static.squarespace.com/universal/images-v6/damask/blog-32-dark.png]
[static.squarespace.com/universal/images-v6/damask/blog-64-dark.png]
[static.squarespace.com/universal/images-v6/damask/link-32-dark.png]
[static.squarespace.com/universal/images-v6/damask/link-64-dark.png]
[static.squarespace.com/universal/images-v6/damask/chownow-32-dark.png]
[static.squarespace.com/universal/images-v6/damask/chownow-64-dark.png]
[static.squarespace.com/universal/images-v6/damask/icon-chart-bar-32-dark.png]
[static.squarespace.com/universal/images-v6/damask/icon-chart-bar-64-dark.png]
[static.squarespace.com/universal/images-v6/damask/facebook-32-dark.png]
[static.squarespace.com/universal/images-v6/damask/facebook-64-dark.png]
[static.squarespace.com/universal/images-v6/damask/twitter-32-dark.png]
[static.squarespace.com/universal/images-v6/damask/twitter-64-dark.png]
[static.squarespace.com/universal/images-v6/damask/googleplus-32-dark.png]
[static.squarespace.com/universal/images-v6/damask/googleplus-64-dark.png]
[static.squarespace.com/universal/images-v6/damask/tumblr-32-dark.png]
[static.squarespace.com/universal/images-v6/damask/tumblr-64-dark.png]
[static.squarespace.com/universal/images-v6/damask/v5-32-dark.png]
[static.squarespace.com/universal/images-v6/damask/v5-64-dark.png]
[static.squarespace.com/universal/images-v6/damask/wordpress-32-dark.png]
[static.squarespace.com/universal/images-v6/damask/wordpress-64-dark.png]
[static.squarespace.com/universal/images-v6/damask/blogger-32-dark.png]
[static.squarespace.com/universal/images-v6/damask/blogger-64-dark.png]
[static.squarespace.com/universal/images-v6/damask/etsy-32-dark.png]
[static.squarespace.com/universal/images-v6/damask/etsy-64-dark.png]
[static.squarespace.com/universal/images-v6/damask/shopify-32-dark.png]
[static.squarespace.com/universal/images-v6/damask/shopify-64-dark.png]
[static.squarespace.com/universal/images-v6/damask/bigcartel-32-dark.png]
[static.squarespace.com/universal/images-v6/damask/bigcartel-64-dark.png]
[static.squarespace.com/universal/images-v6/damask/CSV-32.png]
[static.squarespace.com/universal/images-v6/damask/CSV-64.png]
[static.squarespace.com/universal/images-v6/damask/dropbox2017-32-dark.png]
[static.squarespace.com/universal/images-v6/damask/dropbox2017-64-dark.png]
[static.squarespace.com/universal/images-v6/damask/foursquare-32-dark.png]
[static.squarespace.com/universal/images-v6/damask/foursquare-64-dark.png]
[static.squarespace.com/universal/images-v6/damask/instagram-32-dark.png]
[static.squarespace.com/universal/images-v6/damask/instagram-64-dark.png]
[static.squarespace.com/universal/images-v6/damask/flickr-32-dark.png]
[static.squarespace.com/universal/images-v6/damask/flickr-64-dark.png]
[static.squarespace.com/universal/images-v6/damask/youtube-32-dark.png]
[static.squarespace.com/universal/images-v6/damask/youtube-64-dark.png]
[static.squarespace.com/universal/images-v6/damask/vimeo-32-dark.png]
[static.squarespace.com/universal/images-v6/damask/vimeo-64-dark.png]
[static.squarespace.com/universal/images-v6/damask/linkedin-32-dark.png]
[static.squarespace.com/universal/images-v6/damask/linkedin-64-dark.png]
[static.squarespace.com/universal/images-v6/damask/dribbble-32-dark.png]
[static.squarespace.com/universal/images-v6/damask/dribbble-64-dark.png]
[static.squarespace.com/universal/images-v6/damask/pinterest-32-dark.png]
[static.squarespace.com/universal/images-v6/damask/pinterest-64-dark.png]
[static.squarespace.com/universal/images-v6/damask/smugmug-32-dark.png]
[static.squarespace.com/universal/images-v6/damask/smugmug-64-dark.png]
[static.squarespace.com/universal/images-v6/damask/500px-32-dark.png]
[static.squarespace.com/universal/images-v6/damask/500px-64-dark.png]
[static.squarespace.com/universal/images-v6/damask/email-32-dark.png]
[static.squarespace.com/universal/images-v6/damask/email-64-dark.png]
[static.squarespace.com/universal/images-v6/damask/github-32-dark.png]
[static.squarespace.com/universal/images-v6/damask/github-64-dark.png]
[static.squarespace.com/universal/images-v6/damask/soundcloud-32-dark.png]
[static.squarespace.com/universal/images-v6/damask/soundcloud-64-dark.png]
[static.squarespace.com/universal/images-v6/damask/spotify-32-dark.png]
[static.squarespace.com/universal/images-v6/damask/spotify-64-dark.png]
[static.squarespace.com/universal/images-v6/damask/itunes-32-dark.png]
[static.squarespace.com/universal/images-v6/damask/itunes-64-dark.png]
[static.squarespace.com/universal/images-v6/damask/googleplay-32-dark.png]
[static.squarespace.com/universal/images-v6/damask/googleplay-64-dark.png]
[static.squarespace.com/universal/images-v6/damask/bandsintown-32-dark.png]
[static.squarespace.com/universal/images-v6/damask/bandsintown-64-dark.png]
[static.squarespace.com/universal/images-v6/damask/behance-32.png]
[static.squarespace.com/universal/images-v6/damask/behance-32@2x.png]
[static.squarespace.com/universal/images-v6/damask/codepen-32.png]
[static.squarespace.com/universal/images-v6/damask/codepen-32@2x.png]
[static.squarespace.com/universal/images-v6/damask/medium-32-dark.png]
[static.squarespace.com/universal/images-v6/damask/medium-64-dark.png]
[static.squarespace.com/universal/images-v6/damask/meetup-32.png]
[static.squarespace.com/universal/images-v6/damask/meetup-32@2x.png]
[static.squarespace.com/universal/images-v6/damask/rdio-32.png]
[static.squarespace.com/universal/images-v6/damask/rdio-32@2x.png]
[static.squarespace.com/universal/images-v6/damask/twitch-32.png]
[static.squarespace.com/universal/images-v6/damask/twitch-32@2x.png]
[static.squarespace.com/universal/images-v6/damask/vevo-32.png]
[static.squarespace.com/universal/images-v6/damask/vevo-32@2x.png]
[static.squarespace.com/universal/images-v6/damask/vine-32.png]
[static.squarespace.com/universal/images-v6/damask/vine-32@2x.png]
[static.squarespace.com/universal/images-v6/damask/vsco-32-darkeccb.png]
[static.squarespace.com/universal/images-v6/damask/vsco-64-darkeccb.png]
[static.squarespace.com/universal/images-v6/damask/yelp-32.png]
[static.squarespace.com/universal/images-v6/damask/yelp-32@2x.png]
[static.squarespace.com/universal/images-v6/damask/domain-32-dark.png]
[static.squarespace.com/universal/images-v6/damask/domain-64-dark.png]
[static.squarespace.com/universal/images-v6/damask/houzz-32-dark.png]
[static.squarespace.com/universal/images-v6/damask/houzz-64-dark.png]
[static.squarespace.com/universal/images-v6/damask/reddit-32-dark.png]
[static.squarespace.com/universal/images-v6/damask/reddit-64-dark.png]
[static.squarespace.com/universal/images-v6/damask/stumbleupon-32-dark.png]
[static.squarespace.com/universal/images-v6/damask/stumbleupon-64-dark.png]
[static.squarespace.com/universal/images-v6/damask/snapchat-32-dark.png]
[static.squarespace.com/universal/images-v6/damask/snapchat-64-dark.png]
[static.squarespace.com/universal/images-v6/damask/imdb-32-dark.png]
[static.squarespace.com/universal/images-v6/damask/imdb-64-dark.png]
[static.squarespace.com/universal/images-v6/damask/goodreads-32-dark.png]
[static.squarespace.com/universal/images-v6/damask/goodreads-64-dark.png]
[static.squarespace.com/universal/images-v6/damask/stitcher-32-dark.png]
[static.squarespace.com/universal/images-v6/damask/stitcher-64-dark.png]
[static.squarespace.com/universal/images-v6/damask/tidal-32-dark.png]
[static.squarespace.com/universal/images-v6/damask/tidal-64-dark.png]
[static.squarespace.com/universal/images-v6/damask/getty-image-32-dark.png]
[static.squarespace.com/universal/images-v6/damask/getty-image-64-dark.png]
[static.squarespace.com/universal/images-v6/damask/image-32-dark.png]
[static.squarespace.com/universal/images-v6/damask/image-64-dark.png]
[static.squarespace.com/universal/images-v6/damask/video-32-dark.png]
[static.squarespace.com/universal/images-v6/damask/video-64-dark.png]
[static.squarespace.com/universal/images-v6/damask/textbox-32-dark.png]
[static.squarespace.com/universal/images-v6/damask/textbox-64-dark.png]
[static.squarespace.com/universal/images-v6/damask/textarea-32-dark.png]
[static.squarespace.com/universal/images-v6/damask/textarea-64-dark.png]
[static.squarespace.com/universal/images-v6/damask/dropdown-32-dark.png]
[static.squarespace.com/universal/images-v6/damask/dropdown-64-dark.png]
[static.squarespace.com/universal/images-v6/damask/checkbox-32-dark.png]
[static.squarespace.com/universal/images-v6/damask/checkbox-64-dark.png]
[static.squarespace.com/universal/images-v6/damask/radio-32-dark.png]
[static.squarespace.com/universal/images-v6/damask/radio-64-dark.png]
[static.squarespace.com/universal/images-v6/damask/scale-32-dark.png]
[static.squarespace.com/universal/images-v6/damask/scale-64-dark.png]
[static.squarespace.com/universal/images-v6/damask/person-32-dark.png]
[static.squarespace.com/universal/images-v6/damask/person-64-dark.png]
[static.squarespace.com/universal/images-v6/damask/password-32-dark.png]
[static.squarespace.com/universal/images-v6/damask/password-64-dark.png]
[static.squarespace.com/universal/images-v6/damask/map-32-dark.png]
[static.squarespace.com/universal/images-v6/damask/map-64-dark.png]
[static.squarespace.com/universal/images-v6/damask/clock-32-dark.png]
[static.squarespace.com/universal/images-v6/damask/clock-64-dark.png]
[static.squarespace.com/universal/images-v6/damask/phone-32-dark.png]
[static.squarespace.com/universal/images-v6/damask/phone-64-dark.png]
[static.squarespace.com/universal/images-v6/damask/number-32-dark.png]
[static.squarespace.com/universal/images-v6/damask/number-64-dark.png]
[static.squarespace.com/universal/images-v6/damask/line-32-dark.png]
[static.squarespace.com/universal/images-v6/damask/line-64-dark.png]
[static.squarespace.com/universal/images-v6/damask/eye-32-dark.png]
[static.squarespace.com/universal/images-v6/damask/eye-64-dark.png]
[static.squarespace.com/universal/images-v6/damask/logo-lightdf44.png]
[static.squarespace.com/universal/images-v6/damask/logo-light@2xdf44.png]
[static.squarespace.com/universal/images-v6/damask/logomark-lightdf44.png]
[static.squarespace.com/universal/images-v6/damask/logomark-light@2xdf44.png]
[static.squarespace.com/universal/images-v6/damask/googleplus-32-light.png]
[static.squarespace.com/universal/images-v6/damask/googleplus-64-light.png]
[static.squarespace.com/universal/images-v6/damask/twitter-32-light.png]
[static.squarespace.com/universal/images-v6/damask/twitter-64-light.png]
[static.squarespace.com/universal/images-v6/damask/facebook-32-light.png]
[static.squarespace.com/universal/images-v6/damask/facebook-64-light.png]
[static.squarespace.com/universal/images-v6/damask/person-32-light.png]
[static.squarespace.com/universal/images-v6/damask/person-64-light.png]
[static.squarespace.com/universal/images-v6/damask/checkmark-dark.png]
[static.squarespace.com/universal/images-v6/damask/checkmark-dark@2x.png]
[static.squarespace.com/universal/images-v6/damask/login-external-facebook.png]
[static.squarespace.com/universal/images-v6/damask/login-external-facebook@2x.png]
[static.squarespace.com/universal/images-v6/damask/login-external-twitter.png]
[static.squarespace.com/universal/images-v6/damask/login-external-twitter@2x.png]
[static.squarespace.com/universal/images-v6/damask/login-external-google.png]
[static.squarespace.com/universal/images-v6/damask/login-external-google@2x.png]
[static.squarespace.com/universal/images-v6/damask/avatar-dark.png]
[static.squarespace.com/universal/images-v6/damask/avatar-dark@2x.png]
[static.squarespace.com/universal/styles-compressed/system-page-ab4ea5e9c25fe5e86ccfae3f9e245b62-min.css]
[www.concentricchicago.com/blog/indexcbb6.html]
[www.concentricchicago.com/blog/indexc791.html]
[www.concentricchicago.com/blog/index8e50.html]
[www.concentricchicago.com/blog/index4a64.html]
[www.concentricchicago.com/blog/2015/11/9/3-tips-to-transform-your-self-care-regimen.html]
[www.concentricchicago.com/blog/index6058.html]
[www.concentricchicago.com/blog/index60bb.html]
[www.concentricchicago.com/blog/indexd9ba.html]
[www.concentricchicago.com/blog/indexf2c1.html]
[www.concentricchicago.com/blog/2015/11/9/connections-can-be-made.html]
[www.concentricchicago.com/blog70d4.html]
[www.concentricchicago.com/blog/index030e.html]
[www.concentricchicago.com/blog/indexc5ec.html]
[www.concentricchicago.com/blog/2015/11/12/free-lets-talk-series-via-facebook.html]
[www.concentricchicago.com/blog/index993e.html]
[www.concentricchicago.com/blog/index64ae.html]
[www.concentricchicago.com/blog/index9285.html]
[www.concentricchicago.com/blog/index3480.html]
[www.concentricchicago.com/blog/indexf7bb.html]
[www.concentricchicago.com/blog/indexb4d5.html]
[www.concentricchicago.com/blog/indexd695.html]
[www.concentricchicago.com/blog/index03fa.html]
[www.concentricchicago.com/blog/2015/11/12/struggling-with-infertility.html]
[www.concentricchicago.com/blog/index9f2f.html]
[www.concentricchicago.com/blog/indexecd7.html]
[www.concentricchicago.com/blog/index1516.html]
[www.concentricchicago.com/blog/indexe7af.html]
[static.squarespace.com/universal/styles-compressed/gallery-play-big.html]
[static.squarespace.com/universal/styles-compressed/gallery-play-big@2x.html]
[www.concentricchicago.com/blog/indexd9ba.html]
[www.concentricchicago.com/blog/indexfed1.html]
[www.concentricchicago.com/blog/index40c6.html]
[www.concentricchicago.com/blog/index0b1f.html]
[www.concentricchicago.com/blog/index0b1f.html]
[www.concentricchicago.com/blog/indexb4d5.html]
[www.concentricchicago.com/blog/indexd695.html]
[www.concentricchicago.com/blog/indexfed1.html]
[www.concentricchicago.com/blog/index40c6.html]
[www.concentricchicago.com/blog/indexefc8.html]
[www.concentricchicago.com/blog/index529b.html]
[www.concentricchicago.com/blog/indexefc8.html]
[www.concentricchicago.com/blog/index7a94.html]
[www.concentricchicago.com/blog/index529b.html]
[www.concentricchicago.com/blog/index7a94.html]
[www.concentricchicago.com/blog/index197d.html]
[www.concentricchicago.com/blog/index74a0.html]
[www.concentricchicago.com/blog/index33ef.html]
[www.concentricchicago.com/blog/index33ef.html]
[www.concentricchicago.com/blog/index197d.html]
[www.concentricchicago.com/blog/index8867.html]
[www.concentricchicago.com/blog/indexa262.html]
[www.concentricchicago.com/blog/index5991.html]
[www.concentricchicago.com/blog/index74a0.html]
[www.concentricchicago.com/blog/indexa262.html]
[www.concentricchicago.com/blog/index6e1e.html]
[www.concentricchicago.com/blog/index6e1e.html]
[www.concentricchicago.com/blog/index8867.html]
[www.concentricchicago.com/blog/index5991.html]
[www.concentricchicago.com/blog/index825a.html]
[www.concentricchicago.com/blog/index0d25.html]
[www.concentricchicago.com/blog/index3cc1.html]
[www.concentricchicago.com/blog/index3cc1.html]
[www.concentricchicago.com/blog/index825a.html]
[www.concentricchicago.com/blog/index0d25.html]
[www.concentricchicago.com/blog/indexfd43.html]
[www.concentricchicago.com/blog/indexfd43.html]
